// Jest Snapshot v1, https://goo.gl/fbAQLP

exports[`testing App should match snapshot 1`] = `"<div class=\\"spinner\\"><div class=\\"blob top\\"></div><div class=\\"blob bottom\\"></div><div class=\\"blob left\\"></div><div class=\\"blob move-blob\\"></div></div>"`;
